PASS ref_exists
PASS parent_is_head
PASS diff_is_exactly_evidence_added
PASS evidence_rows_cover_all
PASS blob:.ggen-v2/receipt-log.jsonl
PASS blob:.ggen-v2/receipt.json
PASS blob:.ggen/keys/verifying.key
PASS blob:packs/xaas-public-ash-projection-pack/.ggen-v2/receipt-log.jsonl
PASS blob:packs/xaas-public-ash-projection-pack/.ggen-v2/receipt.json
PASS blob:packs/xaas-public-ash-projection-pack/.ggen/keys/verifying.key
PASS no_private_key_in_tree
PASS keyhash_in_message:.ggen/keys/signing.key
PASS keyhash_in_message:packs/xaas-public-ash-projection-pack/.ggen/keys/signing.key
FAIL sig:./f93775d1c6e0
FAIL sig:./6c4435de851d
FAIL sig:./ce0ff87494f2
FAIL sig:./f93775d1c6e0
FAIL sig:packs/xaas-public-ash-projection-pack/4bf68c4275ed
FAIL sig:packs/xaas-public-ash-projection-pack/c8b65ea5bb9c
FAIL sig:packs/xaas-public-ash-projection-pack/4bf68c4275ed
PASS sig_count
PASS branch_unchanged
PASS worktree_listed
PASS worktree_dir_exists
17/24 passed (phase=pre, mutate=sig)
