$ test "$(git rev-parse HEAD:release/v26.9.1)" = "$(git rev-parse a896e16c:release/v26.9.1)" && git rev-parse HEAD:release/v26.9.1
7e0feef1b137bea72fe1cf22a599636f77b0e47c
exit=0
$ git diff --quiet 96fb0bfbb6aa10e5750fcd8942b46c68690620a2 77e3279a8bee021e48a2e94df57443570e3e8158 -- release/v26.9.23/sjira/goal.ttl release/v26.9.23/sjira/candidates release/v26.9.23/sjira/units release/v26.9.23/sjira/compiled release/v26.9.23/sjira/corrections.py release/v26.9.23/sjira/chatman-ce23.md release/v26.9.23/sjira/chatman-ce23-12-bench.md release/v26.9.23/sjira/chatman-ce23-12-standings.md release/v26.9.23/courts
exit=0
$ git diff --name-status 96fb0bfbb6aa10e5750fcd8942b46c68690620a2 77e3279a8bee021e48a2e94df57443570e3e8158
M	HANDWRITTEN.md
A	receipts/v26.9.23/CE-INTAKE.gate/r2-00-subject.log
A	receipts/v26.9.23/CE-INTAKE.gate/r2-01-gate-literal.log
A	receipts/v26.9.23/CE-INTAKE.gate/r2-02-gate-corrected-lane-gi.log
A	receipts/v26.9.23/CE-INTAKE.gate/r2-03-gate-corrected-int-default.log
A	receipts/v26.9.23/CE-INTAKE.gate/r2-04-unittest.log
A	receipts/v26.9.23/CE-INTAKE.gate/r2-05-double-run.log
A	receipts/v26.9.23/CE-INTAKE.gate/r2-06-workorders.log
A	receipts/v26.9.23/CE-INTAKE.gate/r2-07-invariants.log
A	receipts/v26.9.23/CE-INTAKE.gate/r2-08-erratum-r1.log
A	receipts/v26.9.23/CE-INTAKE.gate/r2-09-anti-vacuity.log
A	receipts/v26.9.23/CE-INTAKE.gate/r2-10-replay-court-logs.log
A	receipts/v26.9.23/CE-INTAKE.gate/r2-11-replay-court-receipt.log
A	receipts/v26.9.23/CE-INTAKE.gate/r2-12-receipt-mutation.log
M	receipts/v26.9.23/CE-INTAKE.json
M	release/v26.9.23/sjira/README.md
M	release/v26.9.23/sjira/compile_check.sh
M	release/v26.9.23/sjira/test_ce23_sjira.py
M	release/v26.9.23/sjira/unit_goal.py
exit=0
$ ! grep -rn 'unittest.mock\|Mock(\|MagicMock\|patch(\|monkeypatch' release/v26.9.23
exit=0
$ for f in chatman-ce23.md chatman-ce23-12-bench.md chatman-ce23-12-standings.md; do cmp /Users/sac/wt/v26922/v26923/$f release/v26.9.23/sjira/$f || exit 1; done; shasum -a 256 release/v26.9.23/sjira/chatman-ce23*.md
4146d688c21db6e1af51a2187df8056b1a0f977001c817d64fbde0547029b485  release/v26.9.23/sjira/chatman-ce23-12-bench.md
80091c45b16d6afbf0bfa5717726c9221f35905f5650fad03b8cd81cbcb5b2d2  release/v26.9.23/sjira/chatman-ce23-12-standings.md
6d788331a4ebc5ad34c3579acc71d6572197ba830eaea23188f468505a1954d3  release/v26.9.23/sjira/chatman-ce23.md
exit=0
$ python3 -c 'import glob; from rdflib import Graph, URIRef; from rdflib.namespace import RDF; W = URIRef("https://ggen-igniter.dev/ontology/semantic-jira#WorkOrder"); n = {p: len(set(Graph().parse(p).subjects(RDF.type, W))) for p in sorted(glob.glob("release/v26.9.23/sjira/compiled/*/orders.ttl"))}; print(n, sum(n.values()))'
{'release/v26.9.23/sjira/compiled/chatman-ce23-12-bench/orders.ttl': 9, 'release/v26.9.23/sjira/compiled/chatman-ce23-12-standings/orders.ttl': 24, 'release/v26.9.23/sjira/compiled/chatman-ce23/orders.ttl': 21} 54
exit=0
