$ python3 release/v26.9.23/sjira/replay_court.py log --log receipts/v26.9.23/CE-INTAKE.gate/r1-12-invariants.log
OK receipts/v26.9.23/CE-INTAKE.gate/r1-12-invariants.log:1: exit=0
REFUSED receipts/v26.9.23/CE-INTAKE.gate/r1-12-invariants.log:7: recorded exit=0, replayed exit=2 ('usage: cmp [-l | -s | -x] [-bhz] [-i num1[:num2] | --ignore-initial=num1[:num2]] [-n num | --bytes=num] file1 file2 [skip1 [skip2]]')
OK receipts/v26.9.23/CE-INTAKE.gate/r1-12-invariants.log:9: exit=0
OK receipts/v26.9.23/CE-INTAKE.gate/r1-12-invariants.log:13: exit=1
OK receipts/v26.9.23/CE-INTAKE.gate/r1-12-invariants.log:15: exit=0
REPLAY REFUSED: 4/5 blocks of receipts/v26.9.23/CE-INTAKE.gate/r1-12-invariants.log replay to their recorded exit
exit=1
$ cmp release/v26.9.23/sjira/candidates/raw/chatman-ce23-12-{bench,standings}.extract.json /Users/sac/wt/v26922/v26923/bench/candidates/*.extract.json
Invalid skip1: /Users/sac/wt/v26922/v26923/bench/candidates/chatman-ce23-12-bench.extract.json
usage: cmp [-l | -s | -x] [-bhz] [-i num1[:num2] | --ignore-initial=num1[:num2]] [-n num | --bytes=num] file1 file2 [skip1 [skip2]]
exit=2
$ python3 release/v26.9.23/sjira/replay_court.py log --log receipts/v26.9.23/CE-INTAKE.gate/r1-11-gate-spec-infeasibility.log
REFUSED receipts/v26.9.23/CE-INTAKE.gate/r1-11-gate-spec-infeasibility.log: line 1: unterminated block (no exit= before line 5)
REFUSED receipts/v26.9.23/CE-INTAKE.gate/r1-11-gate-spec-infeasibility.log: line 5: unterminated block (no exit= before line 19)
OK receipts/v26.9.23/CE-INTAKE.gate/r1-11-gate-spec-infeasibility.log:19: exit=0
REPLAY REFUSED: 1/3 blocks of receipts/v26.9.23/CE-INTAKE.gate/r1-11-gate-spec-infeasibility.log replay to their recorded exit
exit=1
$ grep -n 'DEFAULT_NAMESPACE\|expected = namespace\|add_argument("--namespace"' /Users/sac/wt/v26922/fri/xaas-int/scripts/sjira/prose_spans.py
49:DEFAULT_NAMESPACE = "https://ggen-igniter.dev/sjira/v26.9.23#"
502:                expected = namespace + candidate_local(str(digest), a, b, str(kind))
658:        p.add_argument("--namespace", default=DEFAULT_NAMESPACE, help="instance namespace for candidate IRIs")
exit=0
$ sed -n '300,301p;441p;474,483p' /Users/sac/wt/v26922/v23/CE-INTAKE-gi/lib/ggen_igniter/semantic_jira/prose.ex
    [namespace | _] = Regex.run(~r/\A.*[#\/]/, iri) || [iri]
    %{iri: root, namespace: namespace, description: RDF.Graph.get(goal, root)}
      iri_check(subject, root.namespace, sha, start, stop, kind)
  defp iri_check(subject, namespace, sha, start, stop, kind) do
    expected = proposition_iri(namespace, sha, start, stop, kind)
    check(subject == expected, subject, "IRI does not recompute per PVOCAB: expected #{expected}")
  end

  @doc "PVOCAB proposition IRI: `<ns>P-<first 16 hex of sha256(\"<sha>:<start>:<end>:<kind>\")>`."
  @spec proposition_iri(String.t(), String.t(), term(), term(), String.t()) :: String.t()
  def proposition_iri(namespace, sha, start, stop, kind) do
    namespace <> "P-" <> binary_part(Digest.hex("#{sha}:#{start}:#{stop}:#{kind}"), 0, 16)
  end
exit=0
