    warning: Application.get_env/2 is discouraged in the module body, use Application.compile_env/3 instead
    │
 12 │   if is_nil(Application.get_env(:ash, :default_string_length_count)) do
    │                         ~
    │
    └─ /Users/sac/wt/v26922/v23/rel-xaas-int/deps/ex4pm/mix.exs:12:25: Ex4pm.MixProject (module)

12:06:04.162 [warning] [ex_money] Automatically starting the exchange rate service is deprecated. Set `auto_start_exchange_rate_service: false` and, if you use the service, add `Money.ExchangeRates.Retriever` to your supervision tree.
12:06:04.562 [warning] Xaas.Sa2a.Bridge not started: "autofde" executable not found on PATH. sa2a-bridge-pack edges (validate/admit/plan/execute/replay) are unavailable until autofde-lab (https://github.com/seanchatmangpt/autofde-lab) is installed and its "autofde" console script is on PATH.
12:06:04.897 [warning] node not running in distributed mode. When running outside of a release, you must start net_kernel manually with
longnames.
https://www.erlang.org/doc/man/net_kernel.html#start-2

12:06:04.970 [warning] Received an unhandled response from Grafana because: {:error, %Finch.TransportError{reason: :nxdomain, source: %Mint.TransportError{reason: :nxdomain}}}
12:06:04.971 [warning] PromEx.DashboardUploader failed to upload /Users/sac/wt/v26922/v23/rel-xaas-int/_build/test/lib/prom_ex/priv/application.json.eex to Grafana: :unkown
12:06:04.987 [warning] Received an unhandled response from Grafana because: {:error, %Finch.TransportError{reason: :nxdomain, source: %Mint.TransportError{reason: :nxdomain}}}
12:06:04.987 [warning] PromEx.DashboardUploader failed to upload /Users/sac/wt/v26922/v23/rel-xaas-int/_build/test/lib/prom_ex/priv/beam.json.eex to Grafana: :unkown
12:06:04.998 [warning] Received an unhandled response from Grafana because: {:error, %Finch.TransportError{reason: :nxdomain, source: %Mint.TransportError{reason: :nxdomain}}}
12:06:04.998 [warning] PromEx.DashboardUploader failed to upload /Users/sac/wt/v26922/v23/rel-xaas-int/_build/test/lib/prom_ex/priv/phoenix.json.eex to Grafana: :unkown
12:06:05.008 [warning] Received an unhandled response from Grafana because: {:error, %Finch.TransportError{reason: :nxdomain, source: %Mint.TransportError{reason: :nxdomain}}}
12:06:05.008 [warning] PromEx.DashboardUploader failed to upload /Users/sac/wt/v26922/v23/rel-xaas-int/_build/test/lib/prom_ex/priv/ecto.json.eex to Grafana: :unkown
12:06:05.018 [warning] Received an unhandled response from Grafana because: {:error, %Finch.TransportError{reason: :nxdomain, source: %Mint.TransportError{reason: :nxdomain}}}
12:06:05.018 [warning] PromEx.DashboardUploader failed to upload /Users/sac/wt/v26922/v23/rel-xaas-int/_build/test/lib/prom_ex/priv/phoenix_live_view.json.eex to Grafana: :unkown
Running ExUnit with seed: 2161, max_cases: 32
12:06:05.023 [warning] Received an unhandled response from Grafana because: {:error, %Finch.TransportError{reason: :nxdomain, source: %Mint.TransportError{reason: :nxdomain}}}
12:06:05.023 [warning] PromEx.DashboardUploader failed to upload /Users/sac/wt/v26922/v23/rel-xaas-int/_build/test/lib/xaas/priv/grafana_dashboards/infrastructure.json to Grafana: :unkown
Excluding tags: [:stress, :kind, :requires_cnv_deploy, :external, :external_llm, :subprocess, :property, :castle_kernel]

.....

  1) test a prepared episode drives EP-A to ALIVE: equal hop digests, sealed + independently verified receipt, admitted R, conformant OCEL, closed frontier (Xaas.Ultracode.SemanticDriveTest)
     test/xaas/ultracode/semantic_drive_test.exs:107
     Assertion with == failed
     code:  assert git!(ctx.subject, ["diff", "--name-only", subject_sha, head]) == @drift
     left:  "lib/ggen_igniter/semantic_jira/bootstrap.ex\nlib/ggen_igniter/semantic_jira/cli.ex"
     right: "lib/ggen_igniter/semantic_jira/cli.ex"
     stacktrace:
       test/xaas/ultracode/semantic_drive_test.exs:214: (test)

.

  2) test a subject with no drift is REFUSED(no_delta) by the provider: no commit, no ledger change, EP-A stays on the frontier (Xaas.Ultracode.SemanticDriveTest)
     test/xaas/ultracode/semantic_drive_test.exs:345
     match (=) failed
     code:  assert {:refused,
             %{
               "standing" => "REFUSED(no_delta)",
               "broken_term" => "R_missing_consequence",
               "hop" => "provider"
             }} = drive(ctx, out, pin_ref: pin)
     left:  {:refused,
             %{
               "standing" => "REFUSED(no_delta)",
               "broken_term" => "R_missing_consequence",
               "hop" => "provider"
             }}
     right: {:ok,
             %{
               "artifacts" => ["contract.json", "descriptor.json",
                "drive.json", "frontier_after.json",
                "frontier_before.json", "hops.json", "ocel.json",
                "ocel2.json", "receipt.json", "receipt.r.json",
                "reconciler_receipt.json", "sa2a_task.json",
                "verification.json"],
               "checkpoint" => "https://ggen-igniter.dev/sjira/v26.9.23#GC-26.9.23",
               "dependents" => ["EP-B"],
               "finished_at" => "2026-09-23T19:06:31.924764Z",
               "frontier" => %{
                 "entered" => ["EP-B"],
                 "left" => ["EP-A"]
               },
               "graph_side" => %{
                 "ggen_igniter_dir" => "/Users/sac/wt/v26922/v23/rela-gi-fmt-probe",
                 "ggen_igniter_sha" => "4086532aea93ea557bd1eac8710a853ce07b2f6d",
                 "toolchain" => %{
                   "build_compiler" => %{
                     "elixir" => "1.19.5",
                     "otp" => "28"
                   },
                   "build_manifest" => "/Users/sac/.cache/tmp/xaas-drive-drive-all-23814/build/test/lib/ggen_igniter/.mix/compile.elixir_scm",
                   "elixir" => "1.19.5",
                   "erlang" => "28",
                   "erts" => "running node (/Users/sac/.erlmcp/otp-28.3.1/lib/erlang/bin)",
                   "mix" => "/opt/homebrew/Cellar/elixir/1.19.5/lib/elixir/bin/mix",
                   "source" => "build_manifest"
                 }
               },
               "hops" => ["sjira", "sa2a", "xaas", "provider",
                "receipt"],
               "no_llm_guard" => "passed",
               "ocel" => %{
                 "equivalent" => true,
                 "events" => 11,
                 "not_reached" => ["MachineExperienceAdmitted"],
                 "objects" => 11,
                 "reached" => ["WorkOrderCreated",
                  "CapabilityResolved", "LeaseAcquired",
                  "ActuationStarted", "ActuationCompleted",
                  "VerificationCompleted", "ReceiptSealed",
                  "StandingChanged", "FrontierChanged"]
               },
               "order" => "EP-A",
               "provider" => %{
                 "capability" => "recipe:mix-format",
                 "executor" => "recipe-worker",
                 "provider" => "recipe"
               },
               "request_digest" => "sha256:bac5310fd0750383057fe6e795a03c61257f5577b3f864fda5d156512bf20327",
               "schema" => "xaas/semantic-drive/v1",
               "standing" => "ALIVE",
               "started_at" => "2026-09-23T19:06:22.859799Z",
               "subject" => %{
                 "base_sha" => "4086532aea93ea557bd1eac8710a853ce07b2f6d",
                 "head" => "5b1d1e46757920e6596840968814a8599056a3e0",
                 "pinned" => "t-nodelta-pin-642",
                 "repo" => "/Users/sac/.cache/tmp/xaas-drive-drive-all-23814/subject",
                 "repository" => "seanchatmangpt/ggen_igniter"
               },
               "transition" => %{
                 "authority" => "NONE",
                 "definition_digest" => "sha256:87da7ecc5d390b6bd151023f12abdfc90a5b21f729d6f9c33806fb6772539109",
                 "event_digest" => "sha256:f83638bba38100933bed23729898cf7832ab68b91750a85a42ae0aad79835f00",
                 "from" => "UNKNOWN",
                 "identity" => "EP-A",
                 "kind" => "standing_transition_event",
                 "receipt_digest" => "sha256:3f23dc8de2789ef705082b92d5fcdf082bd7d5840631af34a069a1abc300e2bf",
                 "seq" => 1,
                 "snapshot_digest" => "sha256:3bd2f02377b484a9c4db4d18a625c683ca09656d9660c3a10e0b1dafb9f6cebe",
                 "to" => "ALIVE",
                 "transition_digest" => "sha256:4c7fd97fe78662a9e776f094b937d866f63840d0b21bb57a79f6cc421ef05e28"
               },
               "tuple_digest" => "sha256:9dd2afc3fdf3f887aed45a9713be50e96949a23241685b926941b7ae02bfb5b5"
             }}
     stacktrace:
       test/xaas/ultracode/semantic_drive_test.exs:353: (test)

.
Finished in 29.7 seconds (1.3s async, 28.3s sync)
9 tests, 2 failures
