    warning: Application.get_env/2 is discouraged in the module body, use Application.compile_env/3 instead
    │
 12 │   if is_nil(Application.get_env(:ash, :default_string_length_count)) do
    │                         ~
    │
    └─ /Users/sac/wt/v26922/v23/rela-xaas-digest-probe/deps/ex4pm/mix.exs:12:25: Ex4pm.MixProject (module)

Compiling 520 files (.ex)
Generated xaas app
12:07:33.817 [warning] [ex_money] Automatically starting the exchange rate service is deprecated. Set `auto_start_exchange_rate_service: false` and, if you use the service, add `Money.ExchangeRates.Retriever` to your supervision tree.
12:07:41.765 [warning] Xaas.Sa2a.Bridge not started: "autofde" executable not found on PATH. sa2a-bridge-pack edges (validate/admit/plan/execute/replay) are unavailable until autofde-lab (https://github.com/seanchatmangpt/autofde-lab) is installed and its "autofde" console script is on PATH.
12:07:41.909 [warning] node not running in distributed mode. When running outside of a release, you must start net_kernel manually with
longnames.
https://www.erlang.org/doc/man/net_kernel.html#start-2

12:07:42.041 [warning] Received an unhandled response from Grafana because: {:error, %Finch.TransportError{reason: :nxdomain, source: %Mint.TransportError{reason: :nxdomain}}}
12:07:42.041 [warning] PromEx.DashboardUploader failed to upload /Users/sac/wt/v26922/v23/rela-xaas-digest-probe/_build/test/lib/prom_ex/priv/application.json.eex to Grafana: :unkown
12:07:42.053 [warning] Received an unhandled response from Grafana because: {:error, %Finch.TransportError{reason: :nxdomain, source: %Mint.TransportError{reason: :nxdomain}}}
12:07:42.053 [warning] PromEx.DashboardUploader failed to upload /Users/sac/wt/v26922/v23/rela-xaas-digest-probe/_build/test/lib/prom_ex/priv/beam.json.eex to Grafana: :unkown
12:07:42.064 [warning] Received an unhandled response from Grafana because: {:error, %Finch.TransportError{reason: :nxdomain, source: %Mint.TransportError{reason: :nxdomain}}}
12:07:42.064 [warning] PromEx.DashboardUploader failed to upload /Users/sac/wt/v26922/v23/rela-xaas-digest-probe/_build/test/lib/prom_ex/priv/phoenix.json.eex to Grafana: :unkown
12:07:42.071 [warning] Received an unhandled response from Grafana because: {:error, %Finch.TransportError{reason: :nxdomain, source: %Mint.TransportError{reason: :nxdomain}}}
12:07:42.071 [warning] PromEx.DashboardUploader failed to upload /Users/sac/wt/v26922/v23/rela-xaas-digest-probe/_build/test/lib/prom_ex/priv/ecto.json.eex to Grafana: :unkown
12:07:42.080 [warning] Received an unhandled response from Grafana because: {:error, %Finch.TransportError{reason: :nxdomain, source: %Mint.TransportError{reason: :nxdomain}}}
12:07:42.080 [warning] PromEx.DashboardUploader failed to upload /Users/sac/wt/v26922/v23/rela-xaas-digest-probe/_build/test/lib/prom_ex/priv/phoenix_live_view.json.eex to Grafana: :unkown
12:07:42.083 [warning] Received an unhandled response from Grafana because: {:error, %Finch.TransportError{reason: :nxdomain, source: %Mint.TransportError{reason: :nxdomain}}}
12:07:42.083 [warning] PromEx.DashboardUploader failed to upload /Users/sac/wt/v26922/v23/rela-xaas-digest-probe/_build/test/lib/xaas/priv/grafana_dashboards/infrastructure.json to Grafana: :unkown
Running ExUnit with seed: 156620, max_cases: 32
Excluding tags: [:stress, :kind, :requires_cnv_deploy, :external, :external_llm, :subprocess, :property, :castle_kernel]



  1) test SJ-001 flows admit -> materialize -> receipt -> replay; both falsifiers are refused (Xaas.Ultracode.SemanticJiraE2ETest)
     test/xaas/ultracode/semantic_jira_e2e_test.exs:106
     Assertion with == failed
     code:  assert AdmissionBinding.definition_digest(descriptor["admitted_work_order"]) == definition
     left:  "sha256:aa8e146cf922f53f6008d716b3da0955040d8187509383e8ecabff9d339217ab"
     right: "sha256:c0cc3a2e7d428c29c296d10d85c68cdbcfc241aa4adc0c03cb29048b32921f58"
     stacktrace:
       test/xaas/ultracode/semantic_jira_e2e_test.exs:149: (test)


Finished in 9.2 seconds (0.00s async, 9.2s sync)
1 test, 1 failure
